peregrine: cpu=x86_64 AVX2 (maddubs) | 12 logical CPUs, 1 NUMA node(s)
peregrine: gpu=unavailable (CUDA backend not built — rebuild with `--features cuda`)
peregrine: pcie 0000:01:00.0 2.5 GT/s PCIe x16
peregrine: pcie 0000:07:00.0 16.0 GT/s PCIe x16
peregrine: [ram] avail 39.7 GB | resident 10.9 + KV 0.7 + stream 6.6 + slack 1.4 + cache 8.6 -> peak 28.2 GB
peregrine: [io] rings=4 sqpoll=off fixed_files=registered
peregrine: [workingset] one token routes 10.85 GB of experts against a 8.00 GB cache (74% of a pass) — no eviction order can hold a pass; prefetch-protect on
[tokenizer] gigatoken BPE active, vocab=154856
peregrine-serve listening on http://127.0.0.1:8131
peregrine-serve shutting down
[prefix-cache] hits=0 tokens_reused=0 entries=16 resident=241.3 MiB
[spec] proposed=1554 accepted=134 conf_stops=0 accept_rate=8.6%
[expertmap] indexed=19456 coalescing=19200 (98.7%) -> 39936 reads per full sweep vs 116736 unmerged
[workingset] 10.85 GB per token; prefetch-protect on (budget cannot hold a pass)
[lane] 38 forwards: io 27510.4s (82%) cpu 5942.8s (18%) gpu 0.0s (0%) reduce 55.2s (0%)
[lane] per forward: io 723.96s cpu 156.39s (lane-summed, so compare sum/wall for the overlap achieved)
[lane] moe wall 7172.5s over 38 forwards (188.75s each); io duty 96% of 4 rings, cpu 0.8 workers busy
[lane] cpu-lane bandwidth 1.19 GB/s over 7093.2 GB of expert slabs
[lane] cache-lock wait 2.53s (0.0% of io thread time)
[ecache] hits=14519 misses=383206 disk_reads=383206 prefetch_reads=7343 hit_rate=3.7%
[ecache] resident: 454 slots, 8.59 GB of 8.59 GB budget (100.0% full)
[prefetch] used=98 wasted=7162 unclassified=83 accuracy=1.3% (of 7260 classified) yield=1.3% (of 7343 issued) fadvise=0 verify_mismatch=0
[prefetch] resident-unused: 0 slots, 0.00 GB of 8.59 GB budget (0.0%)
