== [2026-08-13 21:35:28] stage 1: predict-eval GEN 64
== [2026-08-13 21:56:24] stage 2: int3-g64 dry-run
== [2026-08-13 21:56:25] stage 2b: int3-g64 conversion (disk-heavy; ionice idle)
== [2026-08-14 01:08:20] stage 3: int3-g64 flip-rate gate (512 positions)
== [2026-08-14 01:34:37] stage 4: dump-routes + skipbound
== [2026-08-14 03:42:29] stage 4 FAILED (continuing)
== [2026-08-14 03:42:29] stage 5: serve defaults A/B at B=16 (REPEATS=1)
== env-arm sweep: B=16 max_tokens=32 repeats=1 memmax=34G
== arms: bench-data/2026-08-13-defaults-ab/arms/defaults-on.env bench-data/2026-08-13-defaults-ab/arms/defaults-off.env
== model=/home/cortix/models/GLM-5.2
== git: f13f28a
-- rep 1 arm defaults-on.env
  page cache dropped
  loaded in ~36s
[defaults-on-rep1] 512 tok in 7310.806s = 0.07 tok/s (streams ok 16/16, ttft med Nones)
-- rep 1 arm defaults-off.env
  page cache dropped
  loaded in ~24s
[defaults-off-rep1] 512 tok in 6365.335s = 0.08 tok/s (streams ok 16/16, ttft med Nones)

== medians (aggregate tok/s at B=16)
           arm  runs  median tok/s      all
   defaults-on     1         0.070   [0.07]
  defaults-off     1         0.080   [0.08]

Differences inside the +-3% long-run band are not results. Check the
.counters.txt reads: tok/s bought by proportionally more disk_reads is
not a lever, it is a cache trade.
== [2026-08-14 07:32:42] stage 6: runbook §2 nine-knob re-run (baseline improved gpu)
== arm baseline: target/release/peregrine  batches=[1 4 16] steps=3 extra=[]
   rc=0
  batch   steps   tokens    seconds     agg tok/s   tok/s   per-seq tok/s
      1       3        3      36.04         0.083      0.083          0.0832
      4       3       12      67.52         0.178      0.178          0.0444
     16       3       48     136.42         0.352      0.352          0.0220
   wall_s 253.79
   peak_rss_gb 16.28
   major_faults 5594

== arm improved: target/release/peregrine  batches=[1 4 16] steps=3 extra=[]
   rc=0
  batch   steps   tokens    seconds     agg tok/s   tok/s   per-seq tok/s
      1       3        3      27.96         0.107      0.107          0.1073
      4       3       12      59.93         0.200      0.200          0.0501
     16       3       48     140.80         0.341      0.341          0.0213
   wall_s 241.53
   peak_rss_gb 16.81
   major_faults 1

== arm gpu: target/cuda/release/peregrine  batches=[1 4 16] steps=3 extra=[]
   rc=0
  batch   steps   tokens    seconds     agg tok/s   tok/s   per-seq tok/s
      1       3        3      29.79         0.101      0.101          0.1007
      4       3       12      60.27         0.199      0.199          0.0498
     16       3       48     114.74         0.418      0.418          0.0261
   wall_s 244.17
   peak_rss_gb 16.95
   major_faults 716

results in out/rerun-2026-08-13
== [2026-08-14 07:45:02] chain complete
