peregrine: cpu=x86_64 AVX2 (maddubs) | 12 logical CPUs, 1 NUMA node(s)
peregrine: gpu=unavailable (CUDA backend not built — rebuild with `--features cuda`)
peregrine: pcie 0000:01:00.0 2.5 GT/s PCIe x16
peregrine: pcie 0000:07:00.0 16.0 GT/s PCIe x16
peregrine: [ram] avail 43.7 GB | resident 10.9 + KV 0.7 + stream 6.6 + slack 1.4 + cache 8.6 -> peak 28.2 GB
peregrine: [io] rings=4 sqpoll=off fixed_files=registered
peregrine: [workingset] one token routes 10.85 GB of experts against a 8.00 GB cache (74% of a pass) — no eviction order can hold a pass; prefetch-protect on
[tokenizer] gigatoken BPE active, vocab=154856
peregrine-serve listening on http://127.0.0.1:8145
peregrine-serve shutting down
[prefix-cache] hits=0 tokens_reused=0 entries=1 resident=15.1 MiB
[expertmap] indexed=19456 coalescing=19200 (98.7%) -> 39936 reads per full sweep vs 116736 unmerged
[workingset] 10.85 GB per token; prefetch-protect on (budget cannot hold a pass)
[lane] 31 forwards: io 818.7s (86%) cpu 125.2s (13%) gpu 0.0s (0%) reduce 7.0s (1%)
[lane] per forward: io 26.41s cpu 4.04s (lane-summed, so compare sum/wall for the overlap achieved)
[lane] moe wall 266.4s over 31 forwards (8.59s each); io duty 77% of 4 rings, cpu 0.5 workers busy
[lane] cpu-lane bandwidth 2.81 GB/s over 351.8 GB of expert slabs
[lane] cache-lock wait 0.02s (0.0% of io thread time)
[ecache] hits=2239 misses=26662 disk_reads=26662 prefetch_reads=9319 hit_rate=7.7%
[ecache] resident: 454 slots, 8.59 GB of 8.59 GB budget (100.0% full)
[prefetch] used=509 wasted=6458 unclassified=2352 accuracy=7.3% (of 6967 classified) yield=5.5% (of 9319 issued) fadvise=0 verify_mismatch=0 stale_dropped=49285
[prefetch] resident-unused: 24 slots, 0.45 GB of 8.59 GB budget (5.3%)
peregrine-serve: batch engine still busy after 30s; route_stats.json and the [ecache]/[prefetch] counters may be incomplete
