peregrine: cpu=x86_64 AVX2 (maddubs) | 12 logical CPUs, 1 NUMA node(s)
peregrine: gpu=unavailable (CUDA backend not built — rebuild with `--features cuda`)
peregrine: pcie 0000:01:00.0 2.5 GT/s PCIe x16
peregrine: pcie 0000:07:00.0 16.0 GT/s PCIe x16
peregrine: [ram] avail 44.0 GB | resident 10.9 + KV 0.7 + stream 6.6 + slack 1.4 + cache 8.6 -> peak 28.2 GB
peregrine: [io] rings=4 sqpoll=off fixed_files=registered
peregrine: [workingset] one token routes 10.85 GB of experts against a 8.00 GB cache (74% of a pass) — no eviction order can hold a pass; prefetch-protect on
[tokenizer] gigatoken BPE active, vocab=154856
peregrine-serve listening on http://127.0.0.1:8145
peregrine-serve shutting down
[prefix-cache] hits=0 tokens_reused=0 entries=1 resident=15.1 MiB
[expertmap] indexed=19456 coalescing=19200 (98.7%) -> 39936 reads per full sweep vs 116736 unmerged
[workingset] 10.85 GB per token; prefetch-protect on (budget cannot hold a pass)
[lane] 31 forwards: io 957.9s (88%) cpu 120.0s (11%) gpu 0.0s (0%) reduce 4.9s (0%)
[lane] per forward: io 30.90s cpu 3.87s (lane-summed, so compare sum/wall for the overlap achieved)
[lane] moe wall 306.0s over 31 forwards (9.87s each); io duty 78% of 4 rings, cpu 0.4 workers busy
[lane] cpu-lane bandwidth 2.93 GB/s over 351.8 GB of expert slabs
[lane] cache-lock wait 0.01s (0.0% of io thread time)
[ecache] hits=1807 misses=27094 disk_reads=27094 prefetch_reads=7015 hit_rate=6.3%
[ecache] resident: 454 slots, 8.59 GB of 8.59 GB budget (100.0% full)
[prefetch] used=81 wasted=6820 unclassified=114 accuracy=1.2% (of 6901 classified) yield=1.2% (of 7015 issued) fadvise=0 verify_mismatch=0 stale_dropped=0
[prefetch] resident-unused: 17 slots, 0.32 GB of 8.59 GB budget (3.7%)
peregrine-serve: batch engine still busy after 30s; route_stats.json and the [ecache]/[prefetch] counters may be incomplete
