peregrine: cpu=x86_64 AVX2 (maddubs) | 12 logical CPUs, 1 NUMA node(s)
peregrine: gpu=unavailable (CUDA backend not built — rebuild with `--features cuda`)
peregrine: pcie 0000:01:00.0 2.5 GT/s PCIe x16
peregrine: pcie 0000:07:00.0 16.0 GT/s PCIe x16
peregrine: [ram] avail 39.7 GB | resident 10.9 + KV 0.7 + stream 6.6 + slack 1.4 + cache 8.6 -> peak 28.2 GB
peregrine: [io] rings=4 sqpoll=off fixed_files=registered
peregrine: [workingset] one token routes 10.85 GB of experts against a 8.00 GB cache (74% of a pass) — no eviction order can hold a pass; prefetch-protect on
[tokenizer] gigatoken BPE active, vocab=154856
peregrine-serve listening on http://127.0.0.1:8131
peregrine-serve shutting down
[prefix-cache] hits=0 tokens_reused=0 entries=16 resident=241.3 MiB
[expertmap] indexed=19456 coalescing=19200 (98.7%) -> 39936 reads per full sweep vs 116736 unmerged
[workingset] 10.85 GB per token; prefetch-protect on (budget cannot hold a pass)
[lane] 47 forwards: io 22914.7s (71%) cpu 9189.0s (29%) gpu 0.0s (0%) reduce 50.7s (0%)
[lane] per forward: io 487.55s cpu 195.51s (lane-summed, so compare sum/wall for the overlap achieved)
[lane] moe wall 6127.1s over 47 forwards (130.36s each); io duty 93% of 4 rings, cpu 1.5 workers busy
[lane] cpu-lane bandwidth 0.59 GB/s over 5442.7 GB of expert slabs
[lane] cache-lock wait 13.71s (0.1% of io thread time)
[ecache] hits=13070 misses=284957 disk_reads=284957 prefetch_reads=41159 hit_rate=4.4%
[ecache] resident: 454 slots, 8.59 GB of 8.59 GB budget (100.0% full)
[prefetch] used=589 wasted=40352 unclassified=218 accuracy=1.4% (of 40941 classified) yield=1.4% (of 41159 issued) fadvise=0 verify_mismatch=0
[prefetch] resident-unused: 3 slots, 0.06 GB of 8.59 GB budget (0.7%)
peregrine-serve: batch engine still busy after 30s; route_stats.json and the [ecache]/[prefetch] counters may be incomplete
